// Jest Snapshot v1, https://goo.gl/fbAQLP

exports[`schematic-generation it should generate a schematic file 1`] = `
Object {
  "Schematic": Object {
    "Height": Short {
      "value": 4,
    },
    "Length": Short {
      "value": 1,
    },
    "Width": Short {
      "value": 2,
    },
  },
}
`;
