// Vitest Snapshot v1

exports[`schematic-generation > should generate a schematic file 1`] = `
{
  "name": "",
  "value": {
    "Metadata": {
      "type": "compound",
      "value": {
        "Author": {
          "type": "string",
          "value": "",
        },
        "Description": {
          "type": "string",
          "value": "",
        },
        "EnclosingSize": {
          "type": "compound",
          "value": {
            "x": {
              "type": "int",
              "value": 2,
            },
            "y": {
              "type": "int",
              "value": 2,
            },
            "z": {
              "type": "int",
              "value": 2,
            },
          },
        },
        "Name": {
          "type": "string",
          "value": "",
        },
        "RegionCount": {
          "type": "int",
          "value": 1,
        },
        "TimeCreated": {
          "type": "long",
          "value": [
            375,
            2023476248,
          ],
        },
        "TimeModified": {
          "type": "long",
          "value": [
            375,
            2023476248,
          ],
        },
        "TotalBlocks": {
          "type": "int",
          "value": 4,
        },
        "TotalVolume": {
          "type": "int",
          "value": 8,
        },
      },
    },
    "MinecraftDataVersion": {
      "type": "int",
      "value": 2584,
    },
    "Regions": {
      "type": "compound",
      "value": {
        "map": {
          "type": "compound",
          "value": {
            "BlockStatePalette": {
              "type": "list",
              "value": {
                "type": "compound",
                "value": [
                  {
                    "Name": {
                      "type": "string",
                      "value": "minecraft:air",
                    },
                  },
                  {
                    "Name": {
                      "type": "string",
                      "value": "minecraft:stone",
                    },
                  },
                  {
                    "Name": {
                      "type": "string",
                      "value": "minecraft:birch_log",
                    },
                    "Properties": {
                      "type": "compound",
                      "value": {
                        "axis": {
                          "type": "string",
                          "value": "y",
                        },
                      },
                    },
                  },
                  {
                    "Name": {
                      "type": "string",
                      "value": "minecraft:white_wool",
                    },
                  },
                  {
                    "Name": {
                      "type": "string",
                      "value": "minecraft:birch_log",
                    },
                    "Properties": {
                      "type": "compound",
                      "value": {
                        "axis": {
                          "type": "string",
                          "value": "x",
                        },
                      },
                    },
                  },
                ],
              },
            },
            "BlockStates": {
              "type": "longArray",
              "value": [
                [
                  1,
                  8398017,
                ],
              ],
            },
            "Entities": {
              "type": "list",
              "value": {
                "type": "end",
                "value": [],
              },
            },
            "PendingBlockTicks": {
              "type": "list",
              "value": {
                "type": "end",
                "value": [],
              },
            },
            "PendingFluidTicks": {
              "type": "list",
              "value": {
                "type": "end",
                "value": [],
              },
            },
            "Position": {
              "type": "compound",
              "value": {
                "x": {
                  "type": "int",
                  "value": 1,
                },
                "y": {
                  "type": "int",
                  "value": 0,
                },
                "z": {
                  "type": "int",
                  "value": 1,
                },
              },
            },
            "Size": {
              "type": "compound",
              "value": {
                "x": {
                  "type": "int",
                  "value": 2,
                },
                "y": {
                  "type": "int",
                  "value": 2,
                },
                "z": {
                  "type": "int",
                  "value": 2,
                },
              },
            },
            "TileEntities": {
              "type": "list",
              "value": {
                "type": "end",
                "value": [],
              },
            },
          },
        },
      },
    },
    "Version": {
      "type": "int",
      "value": 5,
    },
  },
}
`;
